// Jest Snapshot v1, https://goo.gl/fbAQLP

exports[`Player should render 1`] = `
<div
  className="Player"
>
  <h2
    className="playerName"
  />
</div>
`;

exports[`Stats should render 1`] = `
<div
  className="Player"
>
  <h2 />
  <div
    className="StatContainer"
  >
    <p
      id="wins"
    >
      Wins: 
      <span />
    </p>
    <p
      id="winratio"
    >
      Win Ratio: 
      <span />
    </p>
    <p
      id="kills"
    >
      Kills: 
      <span />
    </p>
    <p
      id="kd"
    >
      K/D: 
      <span />
    </p>
  </div>
</div>
`;
