// Jest Snapshot v1, https://goo.gl/fbAQLP

exports[`AddButton Should render 1`] = `
<button
  className="AddButton cundefined"
  style={
    Object {
      "visibility": "visible",
    }
  }
>
  +
</button>
`;

exports[`InputField Should render 1`] = `
<input
  className="InputField"
  maxLength="16"
  placeholder="Name"
  style={
    Object {
      "borderColor": "#A63D40",
    }
  }
/>
`;

exports[`RemoveButton Should render 1`] = `
<button
  className="RemoveButton"
>
  X
</button>
`;

exports[`SendButton Should render 1`] = `
<input
  className="SendButton"
  type="submit"
/>
`;
